Archive member included because of file (symbol)

.\CortexM3\ARM_GCC_493\Debug\SerialComm_Test.a(cyfitter_cfg.o)
                              .\CortexM3\ARM_GCC_493\Debug\Cm3Start.o (cyfitter_cfg)
.\CortexM3\ARM_GCC_493\Debug\SerialComm_Test.a(UART_1.o)
                              .\CortexM3\ARM_GCC_493\Debug\main.o (UART_1_Start)
.\CortexM3\ARM_GCC_493\Debug\SerialComm_Test.a(ADC_DelSig_1.o)
                              .\CortexM3\ARM_GCC_493\Debug\main.o (ADC_DelSig_1_Start)
.\CortexM3\ARM_GCC_493\Debug\SerialComm_Test.a(ADC_DelSig_1_INT.o)
                              .\CortexM3\ARM_GCC_493\Debug\SerialComm_Test.a(ADC_DelSig_1.o) (ADC_DelSig_1_ISR1)
.\CortexM3\ARM_GCC_493\Debug\SerialComm_Test.a(LCD_Char_1.o)
                              .\CortexM3\ARM_GCC_493\Debug\main.o (LCD_Char_1_PrintString)
.\CortexM3\ARM_GCC_493\Debug\SerialComm_Test.a(UART_1_IntClock.o)
                              .\CortexM3\ARM_GCC_493\Debug\SerialComm_Test.a(UART_1.o) (UART_1_IntClock_Start)
.\CortexM3\ARM_GCC_493\Debug\SerialComm_Test.a(ADC_DelSig_1_AMux.o)
                              .\CortexM3\ARM_GCC_493\Debug\SerialComm_Test.a(ADC_DelSig_1.o) (ADC_DelSig_1_AMux_Select)
.\CortexM3\ARM_GCC_493\Debug\SerialComm_Test.a(ADC_DelSig_1_Ext_CP_Clk.o)
                              .\CortexM3\ARM_GCC_493\Debug\SerialComm_Test.a(ADC_DelSig_1.o) (ADC_DelSig_1_Ext_CP_Clk_SetModeRegister)
.\CortexM3\ARM_GCC_493\Debug\SerialComm_Test.a(ADC_DelSig_1_theACLK.o)
                              .\CortexM3\ARM_GCC_493\Debug\SerialComm_Test.a(ADC_DelSig_1.o) (ADC_DelSig_1_theACLK_SetModeRegister)
.\CortexM3\ARM_GCC_493\Debug\SerialComm_Test.a(CyBootAsmGnu.o)
                              .\CortexM3\ARM_GCC_493\Debug\SerialComm_Test.a(cyfitter_cfg.o) (CyDelayCycles)
.\CortexM3\ARM_GCC_493\Debug\SerialComm_Test.a(CyLib.o)
                              .\CortexM3\ARM_GCC_493\Debug\Cm3Start.o (CyHalt)
.\CortexM3\ARM_GCC_493\Debug\SerialComm_Test.a(cyPm.o)
                              .\CortexM3\ARM_GCC_493\Debug\SerialComm_Test.a(CyLib.o) (CyPmReadStatus)
.\CortexM3\ARM_GCC_493\Debug\SerialComm_Test.a(rx_int.o)
                              .\CortexM3\ARM_GCC_493\Debug\main.o (rx_int_StartEx)
.\CortexM3\ARM_GCC_493\Debug\SerialComm_Test.a(LED.o)
                              .\CortexM3\ARM_GCC_493\Debug\main.o (LED_Write)
.\CortexM3\ARM_GCC_493\Debug\SerialComm_Test.a(AMux_1.o)
                              .\CortexM3\ARM_GCC_493\Debug\main.o (AMux_1_Start)
.\CortexM3\ARM_GCC_493\Debug\SerialComm_Test.a(LED_Mode.o)
                              .\CortexM3\ARM_GCC_493\Debug\main.o (LED_Mode_Write)
.\CortexM3\ARM_GCC_493\Debug\SerialComm_Test.a(timer_int.o)
                              .\CortexM3\ARM_GCC_493\Debug\main.o (timer_int_StartEx)
.\CortexM3\ARM_GCC_493\Debug\SerialComm_Test.a(Timer_1.o)
                              .\CortexM3\ARM_GCC_493\Debug\main.o (Timer_1_Stop)
.\CortexM3\ARM_GCC_493\Debug\SerialComm_Test.a(PWM_1.o)
                              .\CortexM3\ARM_GCC_493\Debug\main.o (PWM_1_Stop)
.\CortexM3\ARM_GCC_493\Debug\SerialComm_Test.a(CyFlash.o)
                              .\CortexM3\ARM_GCC_493\Debug\SerialComm_Test.a(cyPm.o) (CyFlash_SetWaitCycles)
.\CortexM3\ARM_GCC_493\Debug\SerialComm_Test.a(CySpc.o)
                              .\CortexM3\ARM_GCC_493\Debug\SerialComm_Test.a(CyFlash.o) (CySpcStart)
c:/program files (x86)/cypress/psoc creator/3.3/psoc creator/import/gnu/arm/4.9.3/bin/../lib/gcc/arm-none-eabi/4.9.3/armv7-m\libgcc.a(_arm_addsubdf3.o)
                              .\CortexM3\ARM_GCC_493\Debug\main.o (__aeabi_dsub)
c:/program files (x86)/cypress/psoc creator/3.3/psoc creator/import/gnu/arm/4.9.3/bin/../lib/gcc/arm-none-eabi/4.9.3/armv7-m\libgcc.a(_arm_muldivdf3.o)
                              .\CortexM3\ARM_GCC_493\Debug\main.o (__aeabi_dmul)
c:/program files (x86)/cypress/psoc creator/3.3/psoc creator/import/gnu/arm/4.9.3/bin/../lib/gcc/arm-none-eabi/4.9.3/armv7-m\libgcc.a(_arm_cmpdf2.o)
                              .\CortexM3\ARM_GCC_493\Debug\main.o (__aeabi_dcmpge)
c:/program files (x86)/cypress/psoc creator/3.3/psoc creator/import/gnu/arm/4.9.3/bin/../lib/gcc/arm-none-eabi/4.9.3/armv7-m\libgcc.a(_arm_fixunsdfsi.o)
                              .\CortexM3\ARM_GCC_493\Debug\main.o (__aeabi_d2uiz)
c:/program files (x86)/cypress/psoc creator/3.3/psoc creator/import/gnu/arm/4.9.3/bin/../lib/gcc/arm-none-eabi/4.9.3/armv7-m\libgcc.a(_arm_addsubsf3.o)
                              .\CortexM3\ARM_GCC_493\Debug\SerialComm_Test.a(ADC_DelSig_1.o) (__aeabi_ui2f)
c:/program files (x86)/cypress/psoc creator/3.3/psoc creator/import/gnu/arm/4.9.3/bin/../lib/gcc/arm-none-eabi/4.9.3/armv7-m\libgcc.a(_arm_muldivsf3.o)
                              .\CortexM3\ARM_GCC_493\Debug\SerialComm_Test.a(ADC_DelSig_1.o) (__aeabi_fmul)
[...]
Memory Configuration

Name             Origin             Length             Attributes
rom              0x00000000         0x00040000         xr
ram              0x1fff8000         0x00010000         xrw
*default*        0x00000000         0xffffffff

Linker script and memory map

LOAD c:/program files (x86)/cypress/psoc creator/3.3/psoc creator/import/gnu/arm/4.9.3/bin/../lib/gcc/arm-none-eabi/4.9.3/armv7-m/crti.o
LOAD c:/program files (x86)/cypress/psoc creator/3.3/psoc creator/import/gnu/arm/4.9.3/bin/../lib/gcc/arm-none-eabi/4.9.3/armv7-m/crtbegin.o
LOAD c:/program files (x86)/cypress/psoc creator/3.3/psoc creator/import/gnu/arm/4.9.3/bin/../lib/gcc/arm-none-eabi/4.9.3/../../../../arm-none-eabi/lib/armv7-m/crt0.o
START GROUP
LOAD .\CortexM3\ARM_GCC_493\Debug\main.o
LOAD .\CortexM3\ARM_GCC_493\Debug\cymetadata.o
LOAD .\CortexM3\ARM_GCC_493\Debug\Cm3Start.o
LOAD .\CortexM3\ARM_GCC_493\Debug\SerialComm_Test.a
LOAD C:\Program Files (x86)\Cypress\PSoC Creator\3.3\PSoC Creator\psoc\content\cycomponentlibrary\CyComponentLibrary.cylib\CortexM3\ARM_GCC_493\Debug\CyComponentLibrary.a
END GROUP
START GROUP
LOAD c:/program files (x86)/cypress/psoc creator/3.3/psoc creator/import/gnu/arm/4.9.3/bin/../lib/gcc/arm-none-eabi/4.9.3/armv7-m\libgcc.a
LOAD c:/program files (x86)/cypress/psoc creator/3.3/psoc creator/import/gnu/arm/4.9.3/bin/../lib/gcc/arm-none-eabi/4.9.3/../../../../arm-none-eabi/lib/armv7-m\libg_nano.a
LOAD c:/program files (x86)/cypress/psoc creator/3.3/psoc creator/import/gnu/arm/4.9.3/bin/../lib/gcc/arm-none-eabi/4.9.3/../../../../arm-none-eabi/lib/armv7-m\libc_nano.a
END GROUP
START GROUP
LOAD c:/program files (x86)/cypress/psoc creator/3.3/psoc creator/import/gnu/arm/4.9.3/bin/../lib/gcc/arm-none-eabi/4.9.3/armv7-m\libgcc.a
LOAD c:/program files (x86)/cypress/psoc creator/3.3/psoc creator/import/gnu/arm/4.9.3/bin/../lib/gcc/arm-none-eabi/4.9.3/../../../../arm-none-eabi/lib/armv7-m\libc_nano.a
END GROUP
LOAD c:/program files (x86)/cypress/psoc creator/3.3/psoc creator/import/gnu/arm/4.9.3/bin/../lib/gcc/arm-none-eabi/4.9.3/armv7-m/crtend.o
LOAD c:/program files (x86)/cypress/psoc creator/3.3/psoc creator/import/gnu/arm/4.9.3/bin/../lib/gcc/arm-none-eabi/4.9.3/armv7-m/crtn.o
START GROUP
LOAD c:/program files (x86)/cypress/psoc creator/3.3/psoc creator/import/gnu/arm/4.9.3/bin/../lib/gcc/arm-none-eabi/4.9.3/armv7-m\libgcc.a
LOAD c:/program files (x86)/cypress/psoc creator/3.3/psoc creator/import/gnu/arm/4.9.3/bin/../lib/gcc/arm-none-eabi/4.9.3/../../../../arm-none-eabi/lib/armv7-m\libc.a
LOAD c:/program files (x86)/cypress/psoc creator/3.3/psoc creator/import/gnu/arm/4.9.3/bin/../lib/gcc/arm-none-eabi/4.9.3/../../../../arm-none-eabi/lib/armv7-m\libnosys.a
END GROUP
                0x00000000                CY_APPL_ORIGIN = 0x0
                0x00000100                CY_FLASH_ROW_SIZE = 0x100
                0x00000020                CY_ECC_ROW_SIZE = 0x20
                0x00000000                CY_EE_IN_BTLDR = 0x0
                0x00000000                CY_APPL_LOADABLE = 0x0
                0x00000800                CY_EE_SIZE = 0x800
                0x00000001                CY_APPL_NUM = 0x1
                0x00000001                CY_APPL_MAX = 0x1
                0x00000040                CY_METADATA_SIZE = 0x40
                0x00000000                CY_APPL_LOADABLE = 0x0
                0x00000000                CY_CHECKSUM_EXCLUDE_SIZE = ALIGN (0x0, CY_FLASH_ROW_SIZE)
                0x1fff81d0                PROVIDE (__cy_heap_start, _end)
                0x00000001                PROVIDE (__cy_region_num, ((__cy_regions_end - __cy_regions) / 0x10))
                0x20008000                PROVIDE (__cy_stack, (ORIGIN (ram) + 0x10000))
                0x20007800                PROVIDE (__cy_heap_end, (__cy_stack - 0x800))

.cybootloader   0x00000000        0x0
 *(.cybootloader)
                0x00000000                appl1_start = CY_APPL_ORIGIN?CY_APPL_ORIGIN:ALIGN (CY_FLASH_ROW_SIZE)
                0x0001ff00                appl2_start = (appl1_start + ALIGN ((((0x40000 - appl1_start) - (0x2 * CY_FLASH_ROW_SIZE)) / 0x2), CY_FLASH_ROW_SIZE))
                0x00000000                appl_start = (CY_APPL_NUM == 0x1)?appl1_start:appl2_start
                0x00000000                ecc_offset = ((appl_start / CY_FLASH_ROW_SIZE) * CY_ECC_ROW_SIZE)
                0x00000000                ee_offset = (CY_APPL_LOADABLE && ! (CY_EE_IN_BTLDR))?((CY_EE_SIZE / CY_APPL_MAX) * (CY_APPL_NUM - 0x1)):0x0
                0x00000800                ee_size = (CY_APPL_LOADABLE && ! (CY_EE_IN_BTLDR))?(CY_EE_SIZE / CY_APPL_MAX):CY_EE_SIZE
                0x00000000                PROVIDE (CY_ECC_OFFSET, ecc_offset)

.text           0x00000000     0x1c82
 CREATE_OBJECT_SYMBOLS
                0x00000000                PROVIDE (__cy_interrupt_vector, RomVectors)
 *(.romvectors)
 .romvectors    0x00000000       0x10 .\CortexM3\ARM_GCC_493\Debug\Cm3Start.o
                0x00000000                RomVectors
                0x00000001                ASSERT ((. != __cy_interrupt_vector), No interrupt vector)
                0x00000001                ASSERT (CY_APPL_ORIGIN?(SIZEOF (.cybootloader) <= CY_APPL_ORIGIN):0x1, Wrong image location)
                0x00000010                PROVIDE (__cy_reset, Reset)
 *(.text.Reset)
 .text.Reset    0x00000010       0x18 .\CortexM3\ARM_GCC_493\Debug\Cm3Start.o
                0x00000010                Reset
                0x00000001                ASSERT ((. != __cy_reset), No reset code)
 *(.dma_init)
                0x00000001                ASSERT ((((appl_start + .) <= 0x10000) || 0x1), DMA Init must be within the first 64k of flash)
 *(.text .text.* .gnu.linkonce.t.*)
 .text          0x00000028       0x5c c:/program files (x86)/cypress/psoc creator/3.3/psoc creator/import/gnu/arm/4.9.3/bin/../lib/gcc/arm-none-eabi/4.9.3/armv7-m/crtbegin.o
 .text.sendPWM  0x00000084       0x10 .\CortexM3\ARM_GCC_493\Debug\main.o
                0x00000084                sendPWM
 .text.printPWM
                0x00000094       0x2c .\CortexM3\ARM_GCC_493\Debug\main.o
                0x00000094                printPWM
 .text.TIMER_INT
                0x000000c0       0xb8 .\CortexM3\ARM_GCC_493\Debug\main.o
                0x000000c0                TIMER_INT
 .text.RX_INT   0x00000178      0x158 .\CortexM3\ARM_GCC_493\Debug\main.o
                0x00000178                RX_INT
 .text.pushPhotoBuffer
                0x000002d0       0x30 .\CortexM3\ARM_GCC_493\Debug\main.o
                0x000002d0                pushPhotoBuffer
 .text.averagePhotoBuffer
                0x00000300       0x28 .\CortexM3\ARM_GCC_493\Debug\main.o
                0x00000300                averagePhotoBuffer
 .text.printPhotoresistor
                0x00000328       0x3c .\CortexM3\ARM_GCC_493\Debug\main.o
                0x00000328                printPhotoresistor
 .text.readPhotoresistor
                0x00000364       0x38 .\CortexM3\ARM_GCC_493\Debug\main.o
                0x00000364                readPhotoresistor
 .text.getAvgPhotoresistors
                0x0000039c       0x30 .\CortexM3\ARM_GCC_493\Debug\main.o
                0x0000039c                getAvgPhotoresistors
 .text.getPhotoDiff
                0x000003cc       0x24 .\CortexM3\ARM_GCC_493\Debug\main.o
                0x000003cc                getPhotoDiff
 .text.calcNewPWM
                0x000003f0       0x3c .\CortexM3\ARM_GCC_493\Debug\main.o
                0x000003f0                calcNewPWM
 .text.main     0x0000042c      0x140 .\CortexM3\ARM_GCC_493\Debug\main.o
                0x0000042c                main
 .text.IntDefaultHandler
                0x0000056c        0x4 .\CortexM3\ARM_GCC_493\Debug\Cm3Start.o
                0x0000056c                IntDefaultHandler
 .text.Start_c  0x00000570       0x4c .\CortexM3\ARM_GCC_493\Debug\Cm3Start.o
                0x00000570                Start_c
 .text.initialize_psoc
                0x000005bc       0x74 .\CortexM3\ARM_GCC_493\Debug\Cm3Start.o
                0x000005bc                initialize_psoc
 .text.CyClockStartupError
                0x00000630        0x4 .\CortexM3\ARM_GCC_493\Debug\SerialComm_Test.a(cyfitter_cfg.o)
 .text.cfg_write_bytes32
                0x00000634       0x34 .\CortexM3\ARM_GCC_493\Debug\SerialComm_Test.a(cyfitter_cfg.o)
 .text.AnalogSetDefault
                0x00000668       0x28 .\CortexM3\ARM_GCC_493\Debug\SerialComm_Test.a(cyfitter_cfg.o)
 .text.CYMEMZERO
                0x00000690        0xc .\CortexM3\ARM_GCC_493\Debug\SerialComm_Test.a(cyfitter_cfg.o)
 .text.CYCONFIGCPY
                0x0000069c        0x8 .\CortexM3\ARM_GCC_493\Debug\SerialComm_Test.a(cyfitter_cfg.o)
 .text.ClockSetup
                0x000006a4      0x11c .\CortexM3\ARM_GCC_493\Debug\SerialComm_Test.a(cyfitter_cfg.o)
 .text.AMux_1_Set
                0x000007c0       0x3c .\CortexM3\ARM_GCC_493\Debug\SerialComm_Test.a(cyfitter_cfg.o)
                0x000007c0                AMux_1_Set
 .text.AMux_1_Unset
                0x000007fc       0x40 .\CortexM3\ARM_GCC_493\Debug\SerialComm_Test.a(cyfitter_cfg.o)
                0x000007fc                AMux_1_Unset
 .text.ADC_DelSig_1_AMux_Set
                0x0000083c       0x20 .\CortexM3\ARM_GCC_493\Debug\SerialComm_Test.a(cyfitter_cfg.o)
                0x0000083c                ADC_DelSig_1_AMux_Set
 .text.ADC_DelSig_1_AMux_Unset
                0x0000085c       0x20 .\CortexM3\ARM_GCC_493\Debug\SerialComm_Test.a(cyfitter_cfg.o)
                0x0000085c                ADC_DelSig_1_AMux_Unset
 .text.cyfitter_cfg
                0x0000087c      0x138 .\CortexM3\ARM_GCC_493\Debug\SerialComm_Test.a(cyfitter_cfg.o)
                0x0000087c                cyfitter_cfg
 .text.UART_1_Init
                0x000009b4       0x24 .\CortexM3\ARM_GCC_493\Debug\SerialComm_Test.a(UART_1.o)
                0x000009b4                UART_1_Init
 .text.UART_1_Enable
                0x000009d8       0x38 .\CortexM3\ARM_GCC_493\Debug\SerialComm_Test.a(UART_1.o)
                0x000009d8                UART_1_Enable
 .text.UART_1_Start
                0x00000a10       0x1c .\CortexM3\ARM_GCC_493\Debug\SerialComm_Test.a(UART_1.o)
                0x00000a10                UART_1_Start
 .text.UART_1_ReadRxData
                0x00000a2c        0xc .\CortexM3\ARM_GCC_493\Debug\SerialComm_Test.a(UART_1.o)
                0x00000a2c                UART_1_ReadRxData
 .text.UART_1_ClearRxBuffer
                0x00000a38       0x24 .\CortexM3\ARM_GCC_493\Debug\SerialComm_Test.a(UART_1.o)
                0x00000a38                UART_1_ClearRxBuffer
 .text.UART_1_WriteTxData
                0x00000a5c       0x14 .\CortexM3\ARM_GCC_493\Debug\SerialComm_Test.a(UART_1.o)
                0x00000a5c                UART_1_WriteTxData
 .text.UART_1_ClearTxBuffer
                0x00000a70       0x24 .\CortexM3\ARM_GCC_493\Debug\SerialComm_Test.a(UART_1.o)
                0x00000a70                UART_1_ClearTxBuffer
 .text.ADC_DelSig_1_GainCompensation
                0x00000a94       0xcc .\CortexM3\ARM_GCC_493\Debug\SerialComm_Test.a(ADC_DelSig_1.o)
 .text.ADC_DelSig_1_SetDSMRef0Reg
                0x00000b60       0x4c .\CortexM3\ARM_GCC_493\Debug\SerialComm_Test.a(ADC_DelSig_1.o)
 .text.ADC_DelSig_1_InitConfig
                0x00000bac       0xdc .\CortexM3\ARM_GCC_493\Debug\SerialComm_Test.a(ADC_DelSig_1.o)
 .text.ADC_DelSig_1_Init
                0x00000c88       0xc4 .\CortexM3\ARM_GCC_493\Debug\SerialComm_Test.a(ADC_DelSig_1.o)
                0x00000c88                ADC_DelSig_1_Init
 .text.ADC_DelSig_1_Enable
                0x00000d4c       0xd8 .\CortexM3\ARM_GCC_493\Debug\SerialComm_Test.a(ADC_DelSig_1.o)
                0x00000d4c                ADC_DelSig_1_Enable
 .text.ADC_DelSig_1_Start
                0x00000e24       0x28 .\CortexM3\ARM_GCC_493\Debug\SerialComm_Test.a(ADC_DelSig_1.o)
                0x00000e24                ADC_DelSig_1_Start
 .text.ADC_DelSig_1_StartConvert
                0x00000e4c       0x10 .\CortexM3\ARM_GCC_493\Debug\SerialComm_Test.a(ADC_DelSig_1.o)
                0x00000e4c                ADC_DelSig_1_StartConvert
 .text.ADC_DelSig_1_IsEndConversion
                0x00000e5c       0x30 .\CortexM3\ARM_GCC_493\Debug\SerialComm_Test.a(ADC_DelSig_1.o)
                0x00000e5c                ADC_DelSig_1_IsEndConversion
 .text.ADC_DelSig_1_GetResult16
                0x00000e8c       0x50 .\CortexM3\ARM_GCC_493\Debug\SerialComm_Test.a(ADC_DelSig_1.o)
                0x00000e8c                ADC_DelSig_1_GetResult16
 .text.ADC_DelSig_1_ISR1
                0x00000edc        0x4 .\CortexM3\ARM_GCC_493\Debug\SerialComm_Test.a(ADC_DelSig_1_INT.o)
                0x00000edc                ADC_DelSig_1_ISR1
 .text.LCD_Char_1_WrCntrlNib
                0x00000ee0       0x34 .\CortexM3\ARM_GCC_493\Debug\SerialComm_Test.a(LCD_Char_1.o)
 .text.LCD_Char_1_WrDatNib
                0x00000f14       0x44 .\CortexM3\ARM_GCC_493\Debug\SerialComm_Test.a(LCD_Char_1.o)
 .text.LCD_Char_1_IsReady
                0x00000f58       0xe4 .\CortexM3\ARM_GCC_493\Debug\SerialComm_Test.a(LCD_Char_1.o)
                0x00000f58                LCD_Char_1_IsReady
 .text.LCD_Char_1_WriteData
                0x0000103c       0x18 .\CortexM3\ARM_GCC_493\Debug\SerialComm_Test.a(LCD_Char_1.o)
                0x0000103c                LCD_Char_1_WriteData
 .text.LCD_Char_1_PrintString
                0x00001054       0x1c .\CortexM3\ARM_GCC_493\Debug\SerialComm_Test.a(LCD_Char_1.o)
                0x00001054                LCD_Char_1_PrintString
 .text.LCD_Char_1_WriteControl
                0x00001070       0x18 .\CortexM3\ARM_GCC_493\Debug\SerialComm_Test.a(LCD_Char_1.o)
                0x00001070                LCD_Char_1_WriteControl
 .text.LCD_Char_1_Init
                0x00001088       0x6c .\CortexM3\ARM_GCC_493\Debug\SerialComm_Test.a(LCD_Char_1.o)
                0x00001088                LCD_Char_1_Init
 .text.LCD_Char_1_Enable
                0x000010f4       0x14 .\CortexM3\ARM_GCC_493\Debug\SerialComm_Test.a(LCD_Char_1.o)
                0x000010f4                LCD_Char_1_Enable
 .text.LCD_Char_1_Start
                0x00001108       0x1c .\CortexM3\ARM_GCC_493\Debug\SerialComm_Test.a(LCD_Char_1.o)
                0x00001108                LCD_Char_1_Start
 .text.LCD_Char_1_Position
                0x00001124       0x3c .\CortexM3\ARM_GCC_493\Debug\SerialComm_Test.a(LCD_Char_1.o)
                0x00001124                LCD_Char_1_Position
 .text.LCD_Char_1_PrintU32Number
                0x00001160       0x60 .\CortexM3\ARM_GCC_493\Debug\SerialComm_Test.a(LCD_Char_1.o)
                0x00001160                LCD_Char_1_PrintU32Number
 .text.UART_1_IntClock_Start
                0x000011c0       0x1c .\CortexM3\ARM_GCC_493\Debug\SerialComm_Test.a(UART_1_IntClock.o)
                0x000011c0                UART_1_IntClock_Start
 .text.ADC_DelSig_1_AMux_Start
                0x000011dc       0x20 .\CortexM3\ARM_GCC_493\Debug\SerialComm_Test.a(ADC_DelSig_1_AMux.o)
                0x000011dc                ADC_DelSig_1_AMux_Start
 .text.ADC_DelSig_1_AMux_Select
                0x000011fc       0x18 .\CortexM3\ARM_GCC_493\Debug\SerialComm_Test.a(ADC_DelSig_1_AMux.o)
                0x000011fc                ADC_DelSig_1_AMux_Select
 .text.ADC_DelSig_1_Ext_CP_Clk_GetDividerRegister
                0x00001214        0xc .\CortexM3\ARM_GCC_493\Debug\SerialComm_Test.a(ADC_DelSig_1_Ext_CP_Clk.o)
                0x00001214                ADC_DelSig_1_Ext_CP_Clk_GetDividerRegister
 .text.ADC_DelSig_1_Ext_CP_Clk_SetModeRegister
                0x00001220       0x14 .\CortexM3\ARM_GCC_493\Debug\SerialComm_Test.a(ADC_DelSig_1_Ext_CP_Clk.o)
                0x00001220                ADC_DelSig_1_Ext_CP_Clk_SetModeRegister
 .text.ADC_DelSig_1_Ext_CP_Clk_GetSourceRegister
                0x00001234       0x10 .\CortexM3\ARM_GCC_493\Debug\SerialComm_Test.a(ADC_DelSig_1_Ext_CP_Clk.o)
                0x00001234                ADC_DelSig_1_Ext_CP_Clk_GetSourceRegister
 .text.ADC_DelSig_1_Ext_CP_Clk_SetDividerRegister
                0x00001244       0xd8 .\CortexM3\ARM_GCC_493\Debug\SerialComm_Test.a(ADC_DelSig_1_Ext_CP_Clk.o)
                0x00001244                ADC_DelSig_1_Ext_CP_Clk_SetDividerRegister
 .text.ADC_DelSig_1_theACLK_GetDividerRegister
                0x0000131c        0xc .\CortexM3\ARM_GCC_493\Debug\SerialComm_Test.a(ADC_DelSig_1_theACLK.o)
                0x0000131c                ADC_DelSig_1_theACLK_GetDividerRegister
 .text.ADC_DelSig_1_theACLK_SetModeRegister
                0x00001328       0x14 .\CortexM3\ARM_GCC_493\Debug\SerialComm_Test.a(ADC_DelSig_1_theACLK.o)
                0x00001328                ADC_DelSig_1_theACLK_SetModeRegister
 .text.ADC_DelSig_1_theACLK_GetSourceRegister
                0x0000133c       0x10 .\CortexM3\ARM_GCC_493\Debug\SerialComm_Test.a(ADC_DelSig_1_theACLK.o)
                0x0000133c                ADC_DelSig_1_theACLK_GetSourceRegister
 .text.ADC_DelSig_1_theACLK_SetDividerRegister
                0x0000134c       0xd8 .\CortexM3\ARM_GCC_493\Debug\SerialComm_Test.a(ADC_DelSig_1_theACLK.o)
                0x0000134c                ADC_DelSig_1_theACLK_SetDividerRegister
 *fill*         0x00001424        0x4 
 .text          0x00001428       0x20 .\CortexM3\ARM_GCC_493\Debug\SerialComm_Test.a(CyBootAsmGnu.o)
                0x00001428                CyDelayCycles
                0x00001438                CyEnterCriticalSection
                0x00001440                CyExitCriticalSection
 .text.CyHalt   0x00001448        0x4 .\CortexM3\ARM_GCC_493\Debug\SerialComm_Test.a(CyLib.o)
                0x00001448                CyHalt
 .text.CyDelay  0x0000144c       0x2c .\CortexM3\ARM_GCC_493\Debug\SerialComm_Test.a(CyLib.o)
                0x0000144c                CyDelay
 .text.CyDelayUs
                0x00001478       0x14 .\CortexM3\ARM_GCC_493\Debug\SerialComm_Test.a(CyLib.o)
                0x00001478                CyDelayUs
 .text.CyIntSetVector
                0x0000148c       0x28 .\CortexM3\ARM_GCC_493\Debug\SerialComm_Test.a(CyLib.o)
                0x0000148c                CyIntSetVector
 .text.CyIntSetPriority
                0x000014b4       0x30 .\CortexM3\ARM_GCC_493\Debug\SerialComm_Test.a(CyLib.o)
                0x000014b4                CyIntSetPriority
 .text.rx_int_SetVector
                0x000014e4        0xc .\CortexM3\ARM_GCC_493\Debug\SerialComm_Test.a(rx_int.o)
                0x000014e4                rx_int_SetVector
 .text.rx_int_SetPriority
                0x000014f0       0x10 .\CortexM3\ARM_GCC_493\Debug\SerialComm_Test.a(rx_int.o)
                0x000014f0                rx_int_SetPriority
 .text.rx_int_Enable
                0x00001500        0xc .\CortexM3\ARM_GCC_493\Debug\SerialComm_Test.a(rx_int.o)
                0x00001500                rx_int_Enable
 .text.rx_int_Disable
                0x0000150c        0xc .\CortexM3\ARM_GCC_493\Debug\SerialComm_Test.a(rx_int.o)
                0x0000150c                rx_int_Disable
 .text.rx_int_StartEx
                0x00001518       0x1c .\CortexM3\ARM_GCC_493\Debug\SerialComm_Test.a(rx_int.o)
                0x00001518                rx_int_StartEx
 .text.LED_Write
                0x00001534       0x18 .\CortexM3\ARM_GCC_493\Debug\SerialComm_Test.a(LED.o)
                0x00001534                LED_Write
 .text.LED_Read
                0x0000154c       0x10 .\CortexM3\ARM_GCC_493\Debug\SerialComm_Test.a(LED.o)
                0x0000154c                LED_Read
 .text.AMux_1_Start
                0x0000155c       0x20 .\CortexM3\ARM_GCC_493\Debug\SerialComm_Test.a(AMux_1.o)
                0x0000155c                AMux_1_Start
 .text.AMux_1_Select
                0x0000157c       0x18 .\CortexM3\ARM_GCC_493\Debug\SerialComm_Test.a(AMux_1.o)
                0x0000157c                AMux_1_Select
 .text.LED_Mode_Write
                0x00001594       0x18 .\CortexM3\ARM_GCC_493\Debug\SerialComm_Test.a(LED_Mode.o)
                0x00001594                LED_Mode_Write
 .text.timer_int_SetVector
                0x000015ac       0x10 .\CortexM3\ARM_GCC_493\Debug\SerialComm_Test.a(timer_int.o)
                0x000015ac                timer_int_SetVector
 .text.timer_int_SetPriority
                0x000015bc       0x10 .\CortexM3\ARM_GCC_493\Debug\SerialComm_Test.a(timer_int.o)
                0x000015bc                timer_int_SetPriority
 .text.timer_int_Enable
                0x000015cc       0x10 .\CortexM3\ARM_GCC_493\Debug\SerialComm_Test.a(timer_int.o)
                0x000015cc                timer_int_Enable
 .text.timer_int_Disable
                0x000015dc       0x10 .\CortexM3\ARM_GCC_493\Debug\SerialComm_Test.a(timer_int.o)
                0x000015dc                timer_int_Disable
 .text.timer_int_StartEx
                0x000015ec       0x1c .\CortexM3\ARM_GCC_493\Debug\SerialComm_Test.a(timer_int.o)
                0x000015ec                timer_int_StartEx
 .text.Timer_1_Enable
                0x00001608       0x28 .\CortexM3\ARM_GCC_493\Debug\SerialComm_Test.a(Timer_1.o)
                0x00001608                Timer_1_Enable
 .text.Timer_1_Stop
                0x00001630       0x28 .\CortexM3\ARM_GCC_493\Debug\SerialComm_Test.a(Timer_1.o)
                0x00001630                Timer_1_Stop
 .text.Timer_1_SetInterruptMode
                0x00001658        0xc .\CortexM3\ARM_GCC_493\Debug\SerialComm_Test.a(Timer_1.o)
                0x00001658                Timer_1_SetInterruptMode
 .text.Timer_1_WritePeriod
                0x00001664        0xc .\CortexM3\ARM_GCC_493\Debug\SerialComm_Test.a(Timer_1.o)
                0x00001664                Timer_1_WritePeriod
 .text.Timer_1_WriteCounter
                0x00001670        0xc .\CortexM3\ARM_GCC_493\Debug\SerialComm_Test.a(Timer_1.o)
                0x00001670                Timer_1_WriteCounter
 .text.Timer_1_Init
                0x0000167c       0x64 .\CortexM3\ARM_GCC_493\Debug\SerialComm_Test.a(Timer_1.o)
                0x0000167c                Timer_1_Init
 .text.Timer_1_Start
                0x000016e0       0x1c .\CortexM3\ARM_GCC_493\Debug\SerialComm_Test.a(Timer_1.o)
                0x000016e0                Timer_1_Start
 .text.PWM_1_Enable
                0x000016fc       0x10 .\CortexM3\ARM_GCC_493\Debug\SerialComm_Test.a(PWM_1.o)
                0x000016fc                PWM_1_Enable
 .text.PWM_1_Stop
                0x0000170c       0x10 .\CortexM3\ARM_GCC_493\Debug\SerialComm_Test.a(PWM_1.o)
                0x0000170c                PWM_1_Stop
 .text.PWM_1_WriteCounter
                0x0000171c        0xc .\CortexM3\ARM_GCC_493\Debug\SerialComm_Test.a(PWM_1.o)
                0x0000171c                PWM_1_WriteCounter
 .text.PWM_1_WritePeriod
                0x00001728        0xc .\CortexM3\ARM_GCC_493\Debug\SerialComm_Test.a(PWM_1.o)
                0x00001728                PWM_1_WritePeriod
 .text.PWM_1_WriteCompare
                0x00001734        0xc .\CortexM3\ARM_GCC_493\Debug\SerialComm_Test.a(PWM_1.o)
                0x00001734                PWM_1_WriteCompare
 .text.PWM_1_Init
                0x00001740       0x34 .\CortexM3\ARM_GCC_493\Debug\SerialComm_Test.a(PWM_1.o)
                0x00001740                PWM_1_Init
 .text.PWM_1_Start
                0x00001774       0x1c .\CortexM3\ARM_GCC_493\Debug\SerialComm_Test.a(PWM_1.o)
                0x00001774                PWM_1_Start
 .text          0x00001790      0x370 c:/program files (x86)/cypress/psoc creator/3.3/psoc creator/import/gnu/arm/4.9.3/bin/../lib/gcc/arm-none-eabi/4.9.3/armv7-m\libgcc.a(_arm_addsubdf3.o)
                0x00001790                __aeabi_drsub
                0x00001798                __aeabi_dsub
                0x00001798                __subdf3
                0x0000179c                __aeabi_dadd
                0x0000179c                __adddf3
                0x00001a14                __floatunsidf
                0x00001a14                __aeabi_ui2d
                0x00001a34                __floatsidf
                0x00001a34                __aeabi_i2d
                0x00001a58                __aeabi_f2d
                0x00001a58                __extendsfdf2
                0x00001a94                __floatundidf
                0x00001a94                __aeabi_ul2d
                0x00001aa4                __floatdidf
                0x00001aa4                __aeabi_l2d
 .text          0x00001b00      0x110 c:/program files (x86)/cypress/psoc creator/3.3/psoc creator/import/gnu/arm/4.9.3/bin/../lib/gcc/arm-none-eabi/4.9.3/armv7-m\libgcc.a(_arm_cmpdf2.o)
                0x00001b00                __gtdf2
                0x00001b00                __gedf2
                0x00001b08                __ltdf2
                0x00001b08                __ledf2
                0x00001b10                __nedf2
                0x00001b10                __eqdf2
                0x00001b10                __cmpdf2
                0x00001b8c                __aeabi_cdrcmple
                0x00001b9c                __aeabi_cdcmpeq
                0x00001b9c                __aeabi_cdcmple
                0x00001bac                __aeabi_dcmpeq
                0x00001bc0                __aeabi_dcmplt
                0x00001bd4                __aeabi_dcmple
                0x00001be8                __aeabi_dcmpge
                0x00001bfc                __aeabi_dcmpgt
 .text.__libc_init_array
                0x00001c10       0x4c c:/program files (x86)/cypress/psoc creator/3.3/psoc creator/import/gnu/arm/4.9.3/bin/../lib/gcc/arm-none-eabi/4.9.3/../../../../arm-none-eabi/lib/armv7-m\libg_nano.a(lib_a-init.o)
                0x00001c10                __libc_init_array
 .text.memcpy   0x00001c5c       0x16 c:/program files (x86)/cypress/psoc creator/3.3/psoc creator/import/gnu/arm/4.9.3/bin/../lib/gcc/arm-none-eabi/4.9.3/../../../../arm-none-eabi/lib/armv7-m\libg_nano.a(lib_a-memcpy.o)
                0x00001c5c                memcpy
 .text.memset   0x00001c72       0x10 c:/program files (x86)/cypress/psoc creator/3.3/psoc creator/import/gnu/arm/4.9.3/bin/../lib/gcc/arm-none-eabi/4.9.3/../../../../arm-none-eabi/lib/armv7-m\libg_nano.a(lib_a-memset.o)
                0x00001c72                memset
 *(.plt)
 *(.gnu.warning)
 *(.glue_7t)
 .glue_7t       0x00000000        0x0 linker stubs
 *(.glue_7)
 .glue_7        0x00000000        0x0 linker stubs
 *(.vfp11_veneer)
 .vfp11_veneer  0x00000000        0x0 linker stubs
 *(.bootloader)
 *(.ARM.extab* .gnu.linkonce.armextab.*)
 *(.gcc_except_table)

.v4_bx          0x00001c84        0x0
 .v4_bx         0x00000000        0x0 linker stubs

.iplt           0x00001c84        0x0
 .iplt          0x00000000        0x0 c:/program files (x86)/cypress/psoc creator/3.3/psoc creator/import/gnu/arm/4.9.3/bin/../lib/gcc/arm-none-eabi/4.9.3/armv7-m/crtbegin.o

.eh_frame_hdr
 *(.eh_frame_hdr)

.eh_frame       0x00001c84        0x4
 *(.eh_frame)
 .eh_frame      0x00001c84        0x0 c:/program files (x86)/cypress/psoc creator/3.3/psoc creator/import/gnu/arm/4.9.3/bin/../lib/gcc/arm-none-eabi/4.9.3/armv7-m/crtbegin.o
 .eh_frame      0x00001c84        0x4 c:/program files (x86)/cypress/psoc creator/3.3/psoc creator/import/gnu/arm/4.9.3/bin/../lib/gcc/arm-none-eabi/4.9.3/armv7-m/crtend.o
                0x00001c88                PROVIDE (__exidx_start, .)

.ARM.exidx
 *(.ARM.exidx* .gnu.linkonce.armexidx.*)
                0x00001c88                __exidx_end = .

.rodata         0x00001c88       0xc8
 *(.rodata .rodata.* .gnu.linkonce.r.*)
 .rodata.str1.4
                0x00001c88       0x18 .\CortexM3\ARM_GCC_493\Debug\main.o
 .rodata        0x00001ca0       0x7c .\CortexM3\ARM_GCC_493\Debug\SerialComm_Test.a(cyfitter_cfg.o)
                0x00001ca0                AMux_1__addrTable
                0x00001cc0                AMux_1__maskTable
                0x00001cc8                ADC_DelSig_1_AMux__addrTable
                0x00001cd0                ADC_DelSig_1_AMux__maskTable
                0x00001d1c                . = ALIGN (0x4)
 *(.init)
 .init          0x00001d1c        0x4 c:/program files (x86)/cypress/psoc creator/3.3/psoc creator/import/gnu/arm/4.9.3/bin/../lib/gcc/arm-none-eabi/4.9.3/armv7-m/crti.o
                0x00001d1c                _init
 .init          0x00001d20        0x8 c:/program files (x86)/cypress/psoc creator/3.3/psoc creator/import/gnu/arm/4.9.3/bin/../lib/gcc/arm-none-eabi/4.9.3/armv7-m/crtn.o
                0x00001d28                . = ALIGN (0x4)
                0x00001d28                __preinit_array_start = .
 *(.preinit_array)
                0x00001d28                __preinit_array_end = .
                0x00001d28                . = ALIGN (0x4)
                0x00001d28                __init_array_start = .
 *(SORT(.init_array.*))
 *(.init_array)
 .init_array    0x00001d28        0x4 c:/program files (x86)/cypress/psoc creator/3.3/psoc creator/import/gnu/arm/4.9.3/bin/../lib/gcc/arm-none-eabi/4.9.3/armv7-m/crtbegin.o
 .init_array    0x00001d2c        0x4 .\CortexM3\ARM_GCC_493\Debug\Cm3Start.o
                0x00001d30                __init_array_end = .
                0x00001d30                . = ALIGN (0x4)
 *(.fini)
 .fini          0x00001d30        0x4 c:/program files (x86)/cypress/psoc creator/3.3/psoc creator/import/gnu/arm/4.9.3/bin/../lib/gcc/arm-none-eabi/4.9.3/armv7-m/crti.o
                0x00001d30                _fini
 .fini          0x00001d34        0x8 c:/program files (x86)/cypress/psoc creator/3.3/psoc creator/import/gnu/arm/4.9.3/bin/../lib/gcc/arm-none-eabi/4.9.3/armv7-m/crtn.o
                0x00001d3c                . = ALIGN (0x4)
                0x00001d3c                __fini_array_start = .
 *(.fini_array)
 .fini_array    0x00001d3c        0x4 c:/program files (x86)/cypress/psoc creator/3.3/psoc creator/import/gnu/arm/4.9.3/bin/../lib/gcc/arm-none-eabi/4.9.3/armv7-m/crtbegin.o
 *(SORT(.fini_array.*))
                0x00001d40                __fini_array_end = .
                0x00001d40                . = ALIGN (0x4)
 *crtbegin.o(.ctors)
 *(EXCLUDE_FILE(*crtend.o) .ctors)
 *(SORT(.ctors.*))
 *crtend.o(.ctors)
                0x00001d40                . = ALIGN (0x4)
 *crtbegin.o(.dtors)
 *(EXCLUDE_FILE(*crtend.o) .dtors)
 *(SORT(.dtors.*))
 *crtend.o(.dtors)
                0x00001d40                . = ALIGN (0x4)
                0x00001d40                __cy_regions = .
                0x00001d40        0x4 LONG 0x1d50 __cy_region_init_ram
                0x00001d44        0x4 LONG 0x1fff8108 __cy_region_start_data
                0x00001d48        0x4 LONG 0x38 __cy_region_init_size_ram
                0x00001d4c        0x4 LONG 0x90 __cy_region_zero_size_ram
                0x00001d50                __cy_regions_end = .
                0x00001d50                . = ALIGN (0x8)
                0x00001d50                _etext = .

.cy_checksum_exclude
                0x00001d50        0x0
 *(.cy_checksum_exclude)

.ramvectors     0x1fff8000      0x100
                0x1fff8000                __cy_region_start_ram = .
 *(.ramvectors)
 .ramvectors    0x1fff8000      0x100 .\CortexM3\ARM_GCC_493\Debug\Cm3Start.o
                0x1fff8000                CyRamVectors

.noinit         0x1fff8100        0x5
 *(.noinit)
 .noinit        0x1fff8100        0x4 .\CortexM3\ARM_GCC_493\Debug\Cm3Start.o
 .noinit        0x1fff8104        0x1 .\CortexM3\ARM_GCC_493\Debug\SerialComm_Test.a(CyLib.o)
                0x1fff8104                CyResetStatus

.data           0x1fff8108       0x38 load address 0x00001d50
                0x1fff8108                __cy_region_start_data = .
 *(.jcr)
 .jcr           0x1fff8108        0x0 c:/program files (x86)/cypress/psoc creator/3.3/psoc creator/import/gnu/arm/4.9.3/bin/../lib/gcc/arm-none-eabi/4.9.3/armv7-m/crtbegin.o
 .jcr           0x1fff8108        0x4 c:/program files (x86)/cypress/psoc creator/3.3/psoc creator/import/gnu/arm/4.9.3/bin/../lib/gcc/arm-none-eabi/4.9.3/armv7-m/crtend.o
 *(.got.plt)
 *(.got)
 *(.shdata)
 *(.data .data.* .gnu.linkonce.d.*)
 .data          0x1fff810c       0x1c .\CortexM3\ARM_GCC_493\Debug\main.o
                0x1fff810c                timeInterval
                0x1fff8110                timePrefs
                0x1fff811c                bufferLength
                0x1fff8120                GET_CURRENT_PWM
                0x1fff8124                timePrefsLength
 .data          0x1fff8128        0x1 .\CortexM3\ARM_GCC_493\Debug\SerialComm_Test.a(ADC_DelSig_1.o)
                0x1fff8128                ADC_DelSig_1_Config
 .data          0x1fff8129        0x1 .\CortexM3\ARM_GCC_493\Debug\SerialComm_Test.a(ADC_DelSig_1_AMux.o)
 *fill*         0x1fff812a        0x2 
 .data          0x1fff812c       0x10 .\CortexM3\ARM_GCC_493\Debug\SerialComm_Test.a(CyLib.o)
                0x1fff812c                cydelay_32k_ms
                0x1fff8130                cydelay_freq_khz
                0x1fff8134                cydelay_freq_mhz
                0x1fff8138                cydelay_freq_hz
 .data          0x1fff813c        0x1 .\CortexM3\ARM_GCC_493\Debug\SerialComm_Test.a(AMux_1.o)
                0x1fff8140                . = ALIGN (0x8)
 *fill*         0x1fff813d        0x3 
 *(.ram)
                0x1fff8140                _edata = .

.igot.plt       0x1fff8140        0x0 load address 0x00001d88
 .igot.plt      0x00000000        0x0 c:/program files (x86)/cypress/psoc creator/3.3/psoc creator/import/gnu/arm/4.9.3/bin/../lib/gcc/arm-none-eabi/4.9.3/armv7-m/crtbegin.o

.bss            0x1fff8140       0x90 load address 0x00001d88
                0x1fff8140                PROVIDE (__bss_start__, .)
 *(.shbss)
 *(.bss .bss.* .gnu.linkonce.b.*)
 .bss           0x1fff8140       0x1c c:/program files (x86)/cypress/psoc creator/3.3/psoc creator/import/gnu/arm/4.9.3/bin/../lib/gcc/arm-none-eabi/4.9.3/armv7-m/crtbegin.o
 .bss           0x1fff815c       0x14 .\CortexM3\ARM_GCC_493\Debug\main.o
                0x1fff815c                timeCounter
                0x1fff8160                timeMode
                0x1fff8164                ledPWMState
                0x1fff8168                ledPWM
                0x1fff816c                receivedPWM
 .bss           0x1fff8170        0x2 .\CortexM3\ARM_GCC_493\Debug\SerialComm_Test.a(UART_1.o)
                0x1fff8170                UART_1_initVar
 *fill*         0x1fff8172        0x2 
 .bss           0x1fff8174        0x8 .\CortexM3\ARM_GCC_493\Debug\SerialComm_Test.a(ADC_DelSig_1.o)
                0x1fff8178                ADC_DelSig_1_stopConversion
                0x1fff8179                ADC_DelSig_1_convDone
                0x1fff817a                ADC_DelSig_1_initVar
                0x1fff817b                ADC_DelSig_1_started
 .bss           0x1fff817c        0x2 .\CortexM3\ARM_GCC_493\Debug\SerialComm_Test.a(LCD_Char_1.o)
                0x1fff817c                LCD_Char_1_enableState
                0x1fff817d                LCD_Char_1_initVar
 .bss           0x1fff817e        0x1 .\CortexM3\ARM_GCC_493\Debug\SerialComm_Test.a(Timer_1.o)
                0x1fff817e                Timer_1_initVar
 .bss           0x1fff817f        0x1 .\CortexM3\ARM_GCC_493\Debug\SerialComm_Test.a(PWM_1.o)
                0x1fff817f                PWM_1_initVar
 *(COMMON)
 COMMON         0x1fff8180       0x48 .\CortexM3\ARM_GCC_493\Debug\main.o
                0x1fff8180                currentPWM
                0x1fff8184                initPhoto
                0x1fff8188                currentPhoto
                0x1fff818c                photoPWMDiff
                0x1fff8190                timeAvgPhoto
                0x1fff8194                userMode
                0x1fff8198                ledState
                0x1fff819c                photoBuffer
                0x1fff81c4                initPWM
 COMMON         0x1fff81c8        0x8 .\CortexM3\ARM_GCC_493\Debug\SerialComm_Test.a(ADC_DelSig_1.o)
                0x1fff81c8                ADC_DelSig_1_CountsPerVolt
                0x1fff81cc                ADC_DelSig_1_Offset
                0x1fff81d0                . = ALIGN (0x8)
 *(.ram.b)
                0x1fff81d0                _end = .
                0x1fff81d0                __end = .
                0x1fff81d0                PROVIDE (end, .)
                0x1fff81d0                PROVIDE (__bss_end__, .)
                0x00001d50                __cy_region_init_ram = LOADADDR (.data)
                0x00000038                __cy_region_init_size_ram = (_edata - ADDR (.data))
                0x00000090                __cy_region_zero_size_ram = (_end - _edata)

.heap           0x1fff81d0       0x80 load address 0x00001d88
                0x1fff81d0                . = _end
                0x1fff8250                . = (. + 0x80)
 *fill*         0x1fff81d0       0x80 
                0x1fff8250                __cy_heap_limit = .

.stack          0x20007800      0x800
                0x20007800                __cy_stack_limit = .
                0x20008000                . = (. + 0x800)
 *fill*         0x20007800      0x800 
                0x00000001                ASSERT ((__cy_stack_limit >= __cy_heap_limit), region RAM overflowed with stack)
                0x00000000                cy_checksum_exclude_size = (CY_APPL_LOADABLE == 0x1)?SIZEOF (.cy_checksum_exclude):0x0
                0x00000001                ASSERT ((cy_checksum_exclude_size <= CY_CHECKSUM_EXCLUDE_SIZE), CY_BOOT: Section .cy_checksum_exclude size exceedes specified limit.)

.cyloadermeta
 *(.cyloadermeta)

.cyloadablemeta
 *(.cyloadablemeta)

.cyconfigecc    0x80000000      0x4b8
 *(.cyconfigecc)
 .cyconfigecc   0x80000000      0x4b8 .\CortexM3\ARM_GCC_493\Debug\cymetadata.o
                0x80000000                cy_meta_configecc

.cycustnvl      0x90000000        0x4
 *(.cycustnvl)
 .cycustnvl     0x90000000        0x4 .\CortexM3\ARM_GCC_493\Debug\cymetadata.o
                0x90000000                cy_meta_custnvl

.cywolatch      0x90100000        0x4
 *(.cywolatch)
 .cywolatch     0x90100000        0x4 .\CortexM3\ARM_GCC_493\Debug\cymetadata.o
                0x90100000                cy_meta_wonvl

.cyeeprom       0x90200000        0x0
 *(.cyeeprom)
                0x00000001                ASSERT ((. <= ((0x90200000 + ee_offset) + ee_size)), .cyeeprom data will not fit in EEPROM)

.cyflashprotect
                0x90400000      0x100
 *(.cyflashprotect)
 .cyflashprotect
                0x90400000      0x100 .\CortexM3\ARM_GCC_493\Debug\cymetadata.o
                0x90400000                cy_meta_flashprotect

.cymeta         0x90500000        0xc
 *(.cymeta)
 .cymeta        0x90500000        0xc .\CortexM3\ARM_GCC_493\Debug\cymetadata.o
                0x90500000                cy_metadata

.rel.dyn        0x00001d88        0x0 load address 0x9050000c
 .rel.iplt      0x00000000        0x0 c:/program files (x86)/cypress/psoc creator/3.3/psoc creator/import/gnu/arm/4.9.3/bin/../lib/gcc/arm-none-eabi/4.9.3/armv7-m/crtbegin.o

.stab
 *(.stab)

.stabstr
 *(.stabstr)

.debug
 *(.debug)

.line
 *(.line)

.debug_srcinfo
 *(.debug_srcinfo)

.debug_sfnames
 *(.debug_sfnames)

.debug_aranges  0x00000000      0xc80
 *(.debug_aranges)
 .debug_aranges
                0x00000000       0x80 .\CortexM3\ARM_GCC_493\Debug\main.o
 .debug_aranges
                0x00000080       0x18 .\CortexM3\ARM_GCC_493\Debug\cymetadata.o
 .debug_aranges
                0x00000098       0x48 .\CortexM3\ARM_GCC_493\Debug\Cm3Start.o
 .debug_aranges
                0x000000e0       0x78 .\CortexM3\ARM_GCC_493\Debug\SerialComm_Test.a(cyfitter_cfg.o)
 .debug_aranges
                0x00000158       0xf0 .\CortexM3\ARM_GCC_493\Debug\SerialComm_Test.a(UART_1.o)
 .debug_aranges
                0x00000248       0xe8 .\CortexM3\ARM_GCC_493\Debug\SerialComm_Test.a(ADC_DelSig_1.o)
 .debug_aranges
                0x00000330       0x38 .\CortexM3\ARM_GCC_493\Debug\SerialComm_Test.a(ADC_DelSig_1_INT.o)
 .debug_aranges
                0x00000368       0x98 .\CortexM3\ARM_GCC_493\Debug\SerialComm_Test.a(LCD_Char_1.o)
 .debug_aranges
                0x00000400       0x70 .\CortexM3\ARM_GCC_493\Debug\SerialComm_Test.a(UART_1_IntClock.o)
 .debug_aranges
                0x00000470       0x30 .\CortexM3\ARM_GCC_493\Debug\SerialComm_Test.a(ADC_DelSig_1_AMux.o)
 .debug_aranges
                0x000004a0       0x70 .\CortexM3\ARM_GCC_493\Debug\SerialComm_Test.a(ADC_DelSig_1_Ext_CP_Clk.o)
 .debug_aranges
                0x00000510       0x80 .\CortexM3\ARM_GCC_493\Debug\SerialComm_Test.a(ADC_DelSig_1_theACLK.o)
 .debug_aranges
                0x00000590       0x20 .\CortexM3\ARM_GCC_493\Debug\SerialComm_Test.a(CyBootAsmGnu.o)
 .debug_aranges
                0x000005b0      0x298 .\CortexM3\ARM_GCC_493\Debug\SerialComm_Test.a(CyLib.o)
 .debug_aranges
                0x00000848       0x98 .\CortexM3\ARM_GCC_493\Debug\SerialComm_Test.a(cyPm.o)
 .debug_aranges
                0x000008e0       0x80 .\CortexM3\ARM_GCC_493\Debug\SerialComm_Test.a(rx_int.o)
 .debug_aranges
                0x00000960       0x38 .\CortexM3\ARM_GCC_493\Debug\SerialComm_Test.a(LED.o)
 .debug_aranges
                0x00000998       0x30 .\CortexM3\ARM_GCC_493\Debug\SerialComm_Test.a(AMux_1.o)
 .debug_aranges
                0x000009c8       0x38 .\CortexM3\ARM_GCC_493\Debug\SerialComm_Test.a(LED_Mode.o)
 .debug_aranges
                0x00000a00       0x80 .\CortexM3\ARM_GCC_493\Debug\SerialComm_Test.a(timer_int.o)
 .debug_aranges
                0x00000a80       0x88 .\CortexM3\ARM_GCC_493\Debug\SerialComm_Test.a(Timer_1.o)
 .debug_aranges
                0x00000b08       0x80 .\CortexM3\ARM_GCC_493\Debug\SerialComm_Test.a(PWM_1.o)
 .debug_aranges
                0x00000b88       0x80 .\CortexM3\ARM_GCC_493\Debug\SerialComm_Test.a(CyFlash.o)
 .debug_aranges
                0x00000c08       0x78 .\CortexM3\ARM_GCC_493\Debug\SerialComm_Test.a(CySpc.o)

.debug_pubnames
 *(.debug_pubnames)

.debug_info     0x00000000     0x713e
 *(.debug_info .gnu.linkonce.wi.*)
 .debug_info    0x00000000      0xbfb .\CortexM3\ARM_GCC_493\Debug\main.o
 .debug_info    0x00000bfb      0x13c .\CortexM3\ARM_GCC_493\Debug\cymetadata.o
 .debug_info    0x00000d37      0x39f .\CortexM3\ARM_GCC_493\Debug\Cm3Start.o
 .debug_info    0x000010d6      0x74a .\CortexM3\ARM_GCC_493\Debug\SerialComm_Test.a(cyfitter_cfg.o)
 .debug_info    0x00001820      0x603 .\CortexM3\ARM_GCC_493\Debug\SerialComm_Test.a(UART_1.o)
 .debug_info    0x00001e23      0xa7a .\CortexM3\ARM_GCC_493\Debug\SerialComm_Test.a(ADC_DelSig_1.o)
 .debug_info    0x0000289d       0xcc .\CortexM3\ARM_GCC_493\Debug\SerialComm_Test.a(ADC_DelSig_1_INT.o)
 .debug_info    0x00002969      0x716 .\CortexM3\ARM_GCC_493\Debug\SerialComm_Test.a(LCD_Char_1.o)
 .debug_info    0x0000307f      0x283 .\CortexM3\ARM_GCC_493\Debug\SerialComm_Test.a(UART_1_IntClock.o)
 .debug_info    0x00003302      0x16d .\CortexM3\ARM_GCC_493\Debug\SerialComm_Test.a(ADC_DelSig_1_AMux.o)
 .debug_info    0x0000346f      0x283 .\CortexM3\ARM_GCC_493\Debug\SerialComm_Test.a(ADC_DelSig_1_Ext_CP_Clk.o)
 .debug_info    0x000036f2      0x2c4 .\CortexM3\ARM_GCC_493\Debug\SerialComm_Test.a(ADC_DelSig_1_theACLK.o)
 .debug_info    0x000039b6       0x91 .\CortexM3\ARM_GCC_493\Debug\SerialComm_Test.a(CyBootAsmGnu.o)
 .debug_info    0x00003a47     0x136f .\CortexM3\ARM_GCC_493\Debug\SerialComm_Test.a(CyLib.o)
 .debug_info    0x00004db6      0xa57 .\CortexM3\ARM_GCC_493\Debug\SerialComm_Test.a(cyPm.o)
 .debug_info    0x0000580d      0x2cb .\CortexM3\ARM_GCC_493\Debug\SerialComm_Test.a(rx_int.o)
 .debug_info    0x00005ad8      0x11f .\CortexM3\ARM_GCC_493\Debug\SerialComm_Test.a(LED.o)
 .debug_info    0x00005bf7      0x16d .\CortexM3\ARM_GCC_493\Debug\SerialComm_Test.a(AMux_1.o)
 .debug_info    0x00005d64      0x11f .\CortexM3\ARM_GCC_493\Debug\SerialComm_Test.a(LED_Mode.o)
 .debug_info    0x00005e83      0x2cb .\CortexM3\ARM_GCC_493\Debug\SerialComm_Test.a(timer_int.o)
 .debug_info    0x0000614e      0x28c .\CortexM3\ARM_GCC_493\Debug\SerialComm_Test.a(Timer_1.o)
 .debug_info    0x000063da      0x272 .\CortexM3\ARM_GCC_493\Debug\SerialComm_Test.a(PWM_1.o)
 .debug_info    0x0000664c      0x608 .\CortexM3\ARM_GCC_493\Debug\SerialComm_Test.a(CyFlash.o)
 .debug_info    0x00006c54      0x4ea .\CortexM3\ARM_GCC_493\Debug\SerialComm_Test.a(CySpc.o)

.debug_abbrev   0x00000000     0x204c
 *(.debug_abbrev)
 .debug_abbrev  0x00000000      0x287 .\CortexM3\ARM_GCC_493\Debug\main.o
 .debug_abbrev  0x00000287       0x77 .\CortexM3\ARM_GCC_493\Debug\cymetadata.o
 .debug_abbrev  0x000002fe      0x200 .\CortexM3\ARM_GCC_493\Debug\Cm3Start.o
 .debug_abbrev  0x000004fe      0x21f .\CortexM3\ARM_GCC_493\Debug\SerialComm_Test.a(cyfitter_cfg.o)
 .debug_abbrev  0x0000071d      0x1a2 .\CortexM3\ARM_GCC_493\Debug\SerialComm_Test.a(UART_1.o)
 .debug_abbrev  0x000008bf      0x21f .\CortexM3\ARM_GCC_493\Debug\SerialComm_Test.a(ADC_DelSig_1.o)
 .debug_abbrev  0x00000ade       0x42 .\CortexM3\ARM_GCC_493\Debug\SerialComm_Test.a(ADC_DelSig_1_INT.o)
 .debug_abbrev  0x00000b20      0x171 .\CortexM3\ARM_GCC_493\Debug\SerialComm_Test.a(LCD_Char_1.o)
 .debug_abbrev  0x00000c91      0x139 .\CortexM3\ARM_GCC_493\Debug\SerialComm_Test.a(UART_1_IntClock.o)
 .debug_abbrev  0x00000dca       0xcb .\CortexM3\ARM_GCC_493\Debug\SerialComm_Test.a(ADC_DelSig_1_AMux.o)
 .debug_abbrev  0x00000e95      0x139 .\CortexM3\ARM_GCC_493\Debug\SerialComm_Test.a(ADC_DelSig_1_Ext_CP_Clk.o)
 .debug_abbrev  0x00000fce      0x121 .\CortexM3\ARM_GCC_493\Debug\SerialComm_Test.a(ADC_DelSig_1_theACLK.o)
 .debug_abbrev  0x000010ef       0x14 .\CortexM3\ARM_GCC_493\Debug\SerialComm_Test.a(CyBootAsmGnu.o)
 .debug_abbrev  0x00001103      0x296 .\CortexM3\ARM_GCC_493\Debug\SerialComm_Test.a(CyLib.o)
 .debug_abbrev  0x00001399      0x1ed .\CortexM3\ARM_GCC_493\Debug\SerialComm_Test.a(cyPm.o)
 .debug_abbrev  0x00001586      0x173 .\CortexM3\ARM_GCC_493\Debug\SerialComm_Test.a(rx_int.o)
 .debug_abbrev  0x000016f9       0x90 .\CortexM3\ARM_GCC_493\Debug\SerialComm_Test.a(LED.o)
 .debug_abbrev  0x00001789       0xcb .\CortexM3\ARM_GCC_493\Debug\SerialComm_Test.a(AMux_1.o)
 .debug_abbrev  0x00001854       0x90 .\CortexM3\ARM_GCC_493\Debug\SerialComm_Test.a(LED_Mode.o)
 .debug_abbrev  0x000018e4      0x173 .\CortexM3\ARM_GCC_493\Debug\SerialComm_Test.a(timer_int.o)
 .debug_abbrev  0x00001a57      0x11a .\CortexM3\ARM_GCC_493\Debug\SerialComm_Test.a(Timer_1.o)
 .debug_abbrev  0x00001b71      0x12d .\CortexM3\ARM_GCC_493\Debug\SerialComm_Test.a(PWM_1.o)
 .debug_abbrev  0x00001c9e      0x1ed .\CortexM3\ARM_GCC_493\Debug\SerialComm_Test.a(CyFlash.o)
 .debug_abbrev  0x00001e8b      0x1c1 .\CortexM3\ARM_GCC_493\Debug\SerialComm_Test.a(CySpc.o)

.debug_line     0x00000000     0x2e90
 *(.debug_line)
 .debug_line    0x00000000      0x428 .\CortexM3\ARM_GCC_493\Debug\main.o
 .debug_line    0x00000428       0x53 .\CortexM3\ARM_GCC_493\Debug\cymetadata.o
 .debug_line    0x0000047b      0x249 .\CortexM3\ARM_GCC_493\Debug\Cm3Start.o
 .debug_line    0x000006c4      0x25b .\CortexM3\ARM_GCC_493\Debug\SerialComm_Test.a(cyfitter_cfg.o)
 .debug_line    0x0000091f      0x2c2 .\CortexM3\ARM_GCC_493\Debug\SerialComm_Test.a(UART_1.o)
 .debug_line    0x00000be1      0x392 .\CortexM3\ARM_GCC_493\Debug\SerialComm_Test.a(ADC_DelSig_1.o)
 .debug_line    0x00000f73       0x8b .\CortexM3\ARM_GCC_493\Debug\SerialComm_Test.a(ADC_DelSig_1_INT.o)
 .debug_line    0x00000ffe      0x1e5 .\CortexM3\ARM_GCC_493\Debug\SerialComm_Test.a(LCD_Char_1.o)
 .debug_line    0x000011e3      0x197 .\CortexM3\ARM_GCC_493\Debug\SerialComm_Test.a(UART_1_IntClock.o)
 .debug_line    0x0000137a       0xb7 .\CortexM3\ARM_GCC_493\Debug\SerialComm_Test.a(ADC_DelSig_1_AMux.o)
 .debug_line    0x00001431      0x19f .\CortexM3\ARM_GCC_493\Debug\SerialComm_Test.a(ADC_DelSig_1_Ext_CP_Clk.o)
 .debug_line    0x000015d0      0x1bf .\CortexM3\ARM_GCC_493\Debug\SerialComm_Test.a(ADC_DelSig_1_theACLK.o)
 .debug_line    0x0000178f       0x68 .\CortexM3\ARM_GCC_493\Debug\SerialComm_Test.a(CyBootAsmGnu.o)
 .debug_line    0x000017f7      0x806 .\CortexM3\ARM_GCC_493\Debug\SerialComm_Test.a(CyLib.o)
 .debug_line    0x00001ffd      0x366 .\CortexM3\ARM_GCC_493\Debug\SerialComm_Test.a(cyPm.o)
 .debug_line    0x00002363      0x14c .\CortexM3\ARM_GCC_493\Debug\SerialComm_Test.a(rx_int.o)
 .debug_line    0x000024af       0x92 .\CortexM3\ARM_GCC_493\Debug\SerialComm_Test.a(LED.o)
 .debug_line    0x00002541       0xac .\CortexM3\ARM_GCC_493\Debug\SerialComm_Test.a(AMux_1.o)
 .debug_line    0x000025ed       0x97 .\CortexM3\ARM_GCC_493\Debug\SerialComm_Test.a(LED_Mode.o)
 .debug_line    0x00002684      0x14f .\CortexM3\ARM_GCC_493\Debug\SerialComm_Test.a(timer_int.o)
 .debug_line    0x000027d3      0x157 .\CortexM3\ARM_GCC_493\Debug\SerialComm_Test.a(Timer_1.o)
 .debug_line    0x0000292a      0x13c .\CortexM3\ARM_GCC_493\Debug\SerialComm_Test.a(PWM_1.o)
 .debug_line    0x00002a66      0x1ec .\CortexM3\ARM_GCC_493\Debug\SerialComm_Test.a(CyFlash.o)
 .debug_line    0x00002c52      0x23e .\CortexM3\ARM_GCC_493\Debug\SerialComm_Test.a(CySpc.o)

.debug_frame    0x00000000     0x1f44
 *(.debug_frame)
 .debug_frame   0x00000000      0x168 .\CortexM3\ARM_GCC_493\Debug\main.o
 .debug_frame   0x00000168       0xac .\CortexM3\ARM_GCC_493\Debug\Cm3Start.o
 .debug_frame   0x00000214      0x13c .\CortexM3\ARM_GCC_493\Debug\SerialComm_Test.a(cyfitter_cfg.o)
 .debug_frame   0x00000350      0x250 .\CortexM3\ARM_GCC_493\Debug\SerialComm_Test.a(UART_1.o)
 .debug_frame   0x000005a0      0x290 .\CortexM3\ARM_GCC_493\Debug\SerialComm_Test.a(ADC_DelSig_1.o)
 .debug_frame   0x00000830       0x50 .\CortexM3\ARM_GCC_493\Debug\SerialComm_Test.a(ADC_DelSig_1_INT.o)
 .debug_frame   0x00000880      0x1e4 .\CortexM3\ARM_GCC_493\Debug\SerialComm_Test.a(LCD_Char_1.o)
 .debug_frame   0x00000a64       0xe0 .\CortexM3\ARM_GCC_493\Debug\SerialComm_Test.a(UART_1_IntClock.o)
 .debug_frame   0x00000b44       0x64 .\CortexM3\ARM_GCC_493\Debug\SerialComm_Test.a(ADC_DelSig_1_AMux.o)
 .debug_frame   0x00000ba8       0xe0 .\CortexM3\ARM_GCC_493\Debug\SerialComm_Test.a(ADC_DelSig_1_Ext_CP_Clk.o)
 .debug_frame   0x00000c88      0x100 .\CortexM3\ARM_GCC_493\Debug\SerialComm_Test.a(ADC_DelSig_1_theACLK.o)
 .debug_frame   0x00000d88      0x728 .\CortexM3\ARM_GCC_493\Debug\SerialComm_Test.a(CyLib.o)
 .debug_frame   0x000014b0      0x1f8 .\CortexM3\ARM_GCC_493\Debug\SerialComm_Test.a(cyPm.o)
 .debug_frame   0x000016a8      0x104 .\CortexM3\ARM_GCC_493\Debug\SerialComm_Test.a(rx_int.o)
 .debug_frame   0x000017ac       0x50 .\CortexM3\ARM_GCC_493\Debug\SerialComm_Test.a(LED.o)
 .debug_frame   0x000017fc       0x64 .\CortexM3\ARM_GCC_493\Debug\SerialComm_Test.a(AMux_1.o)
 .debug_frame   0x00001860       0x50 .\CortexM3\ARM_GCC_493\Debug\SerialComm_Test.a(LED_Mode.o)
 .debug_frame   0x000018b0      0x104 .\CortexM3\ARM_GCC_493\Debug\SerialComm_Test.a(timer_int.o)
 .debug_frame   0x000019b4      0x108 .\CortexM3\ARM_GCC_493\Debug\SerialComm_Test.a(Timer_1.o)
 .debug_frame   0x00001abc       0xf8 .\CortexM3\ARM_GCC_493\Debug\SerialComm_Test.a(PWM_1.o)
 .debug_frame   0x00001bb4      0x174 .\CortexM3\ARM_GCC_493\Debug\SerialComm_Test.a(CyFlash.o)
 .debug_frame   0x00001d28      0x160 .\CortexM3\ARM_GCC_493\Debug\SerialComm_Test.a(CySpc.o)
 .debug_frame   0x00001e88       0x20 c:/program files (x86)/cypress/psoc creator/3.3/psoc creator/import/gnu/arm/4.9.3/bin/../lib/gcc/arm-none-eabi/4.9.3/../../../../arm-none-eabi/lib/armv7-m\libg_nano.a(lib_a-errno.o)
 .debug_frame   0x00001ea8       0x28 c:/program files (x86)/cypress/psoc creator/3.3/psoc creator/import/gnu/arm/4.9.3/bin/../lib/gcc/arm-none-eabi/4.9.3/../../../../arm-none-eabi/lib/armv7-m\libg_nano.a(lib_a-exit.o)
 .debug_frame   0x00001ed0       0x2c c:/program files (x86)/cypress/psoc creator/3.3/psoc creator/import/gnu/arm/4.9.3/bin/../lib/gcc/arm-none-eabi/4.9.3/../../../../arm-none-eabi/lib/armv7-m\libg_nano.a(lib_a-init.o)
 .debug_frame   0x00001efc       0x28 c:/program files (x86)/cypress/psoc creator/3.3/psoc creator/import/gnu/arm/4.9.3/bin/../lib/gcc/arm-none-eabi/4.9.3/../../../../arm-none-eabi/lib/armv7-m\libg_nano.a(lib_a-memcpy.o)
 .debug_frame   0x00001f24       0x20 c:/program files (x86)/cypress/psoc creator/3.3/psoc creator/import/gnu/arm/4.9.3/bin/../lib/gcc/arm-none-eabi/4.9.3/../../../../arm-none-eabi/lib/armv7-m\libg_nano.a(lib_a-memset.o)

.debug_str      0x00000000     0x2b47
 *(.debug_str)
 .debug_str     0x00000000      0x601 .\CortexM3\ARM_GCC_493\Debug\main.o
                                0x653 (size before relaxing)
 .debug_str     0x00000601       0x77 .\CortexM3\ARM_GCC_493\Debug\cymetadata.o
                                0x1eb (size before relaxing)
 .debug_str     0x00000678      0x153 .\CortexM3\ARM_GCC_493\Debug\Cm3Start.o
                                0x2ff (size before relaxing)
 .debug_str     0x000007cb      0x237 .\CortexM3\ARM_GCC_493\Debug\SerialComm_Test.a(cyfitter_cfg.o)
                                0x3e5 (size before relaxing)
 .debug_str     0x00000a02      0x2b2 .\CortexM3\ARM_GCC_493\Debug\SerialComm_Test.a(UART_1.o)
                                0x4a8 (size before relaxing)
 .debug_str     0x00000cb4      0x4a7 .\CortexM3\ARM_GCC_493\Debug\SerialComm_Test.a(ADC_DelSig_1.o)
                                0x73c (size before relaxing)
 .debug_str     0x0000115b       0x74 .\CortexM3\ARM_GCC_493\Debug\SerialComm_Test.a(ADC_DelSig_1_INT.o)
                                0x1e2 (size before relaxing)
 .debug_str     0x000011cf      0x18a .\CortexM3\ARM_GCC_493\Debug\SerialComm_Test.a(LCD_Char_1.o)
                                0x3ac (size before relaxing)
 .debug_str     0x00001359      0x197 .\CortexM3\ARM_GCC_493\Debug\SerialComm_Test.a(UART_1_IntClock.o)
                                0x34f (size before relaxing)
 .debug_str     0x000014f0       0x85 .\CortexM3\ARM_GCC_493\Debug\SerialComm_Test.a(ADC_DelSig_1_AMux.o)
                                0x23f (size before relaxing)
 .debug_str     0x00001575      0x186 .\CortexM3\ARM_GCC_493\Debug\SerialComm_Test.a(ADC_DelSig_1_Ext_CP_Clk.o)
                                0x3af (size before relaxing)
 .debug_str     0x000016fb      0x1bd .\CortexM3\ARM_GCC_493\Debug\SerialComm_Test.a(ADC_DelSig_1_theACLK.o)
                                0x3e0 (size before relaxing)
 .debug_str     0x000018b8      0x7c0 .\CortexM3\ARM_GCC_493\Debug\SerialComm_Test.a(CyLib.o)
                                0xa24 (size before relaxing)
 .debug_str     0x00002078      0x35b .\CortexM3\ARM_GCC_493\Debug\SerialComm_Test.a(cyPm.o)
                                0x71c (size before relaxing)
 .debug_str     0x000023d3       0xe7 .\CortexM3\ARM_GCC_493\Debug\SerialComm_Test.a(rx_int.o)
                                0x2a9 (size before relaxing)
 .debug_str     0x000024ba       0x4b .\CortexM3\ARM_GCC_493\Debug\SerialComm_Test.a(LED.o)
                                0x1d9 (size before relaxing)
 .debug_str     0x00002505       0x47 .\CortexM3\ARM_GCC_493\Debug\SerialComm_Test.a(AMux_1.o)
                                0x1f2 (size before relaxing)
 .debug_str     0x0000254c       0x5d .\CortexM3\ARM_GCC_493\Debug\SerialComm_Test.a(LED_Mode.o)
                                0x1f2 (size before relaxing)
 .debug_str     0x000025a9      0x10e .\CortexM3\ARM_GCC_493\Debug\SerialComm_Test.a(timer_int.o)
                                0x2d3 (size before relaxing)
 .debug_str     0x000026b7      0x161 .\CortexM3\ARM_GCC_493\Debug\SerialComm_Test.a(Timer_1.o)
                                0x30a (size before relaxing)
 .debug_str     0x00002818       0xe3 .\CortexM3\ARM_GCC_493\Debug\SerialComm_Test.a(PWM_1.o)
                                0x2b6 (size before relaxing)
 .debug_str     0x000028fb      0x19e .\CortexM3\ARM_GCC_493\Debug\SerialComm_Test.a(CyFlash.o)
                                0x396 (size before relaxing)
 .debug_str     0x00002a99       0xae .\CortexM3\ARM_GCC_493\Debug\SerialComm_Test.a(CySpc.o)
                                0x31f (size before relaxing)

.debug_loc      0x00000000     0x2f83
 *(.debug_loc)
 .debug_loc     0x00000000      0x3d1 .\CortexM3\ARM_GCC_493\Debug\main.o
 .debug_loc     0x000003d1      0x144 .\CortexM3\ARM_GCC_493\Debug\Cm3Start.o
 .debug_loc     0x00000515      0x29c .\CortexM3\ARM_GCC_493\Debug\SerialComm_Test.a(cyfitter_cfg.o)
 .debug_loc     0x000007b1      0x258 .\CortexM3\ARM_GCC_493\Debug\SerialComm_Test.a(UART_1.o)
 .debug_loc     0x00000a09      0x6b6 .\CortexM3\ARM_GCC_493\Debug\SerialComm_Test.a(ADC_DelSig_1.o)
 .debug_loc     0x000010bf      0x3c6 .\CortexM3\ARM_GCC_493\Debug\SerialComm_Test.a(LCD_Char_1.o)
 .debug_loc     0x00001485      0x128 .\CortexM3\ARM_GCC_493\Debug\SerialComm_Test.a(UART_1_IntClock.o)
 .debug_loc     0x000015ad       0x6c .\CortexM3\ARM_GCC_493\Debug\SerialComm_Test.a(ADC_DelSig_1_AMux.o)
 .debug_loc     0x00001619      0x12c .\CortexM3\ARM_GCC_493\Debug\SerialComm_Test.a(ADC_DelSig_1_Ext_CP_Clk.o)
 .debug_loc     0x00001745      0x14d .\CortexM3\ARM_GCC_493\Debug\SerialComm_Test.a(ADC_DelSig_1_theACLK.o)
 .debug_loc     0x00001892      0xa11 .\CortexM3\ARM_GCC_493\Debug\SerialComm_Test.a(CyLib.o)
 .debug_loc     0x000022a3      0x1e4 .\CortexM3\ARM_GCC_493\Debug\SerialComm_Test.a(cyPm.o)
 .debug_loc     0x00002487       0x56 .\CortexM3\ARM_GCC_493\Debug\SerialComm_Test.a(rx_int.o)
 .debug_loc     0x000024dd       0x42 .\CortexM3\ARM_GCC_493\Debug\SerialComm_Test.a(LED.o)
 .debug_loc     0x0000251f       0x6c .\CortexM3\ARM_GCC_493\Debug\SerialComm_Test.a(AMux_1.o)
 .debug_loc     0x0000258b       0x42 .\CortexM3\ARM_GCC_493\Debug\SerialComm_Test.a(LED_Mode.o)
 .debug_loc     0x000025cd       0x56 .\CortexM3\ARM_GCC_493\Debug\SerialComm_Test.a(timer_int.o)
 .debug_loc     0x00002623       0x13 .\CortexM3\ARM_GCC_493\Debug\SerialComm_Test.a(PWM_1.o)
 .debug_loc     0x00002636      0x300 .\CortexM3\ARM_GCC_493\Debug\SerialComm_Test.a(CyFlash.o)
 .debug_loc     0x00002936      0x64d .\CortexM3\ARM_GCC_493\Debug\SerialComm_Test.a(CySpc.o)

.debug_macinfo
 *(.debug_macinfo)

.debug_ranges   0x00000000      0xae8
 *(.debug_ranges)
 .debug_ranges  0x00000000       0x70 .\CortexM3\ARM_GCC_493\Debug\main.o
 .debug_ranges  0x00000070       0x38 .\CortexM3\ARM_GCC_493\Debug\Cm3Start.o
 .debug_ranges  0x000000a8       0x68 .\CortexM3\ARM_GCC_493\Debug\SerialComm_Test.a(cyfitter_cfg.o)
 .debug_ranges  0x00000110       0xe0 .\CortexM3\ARM_GCC_493\Debug\SerialComm_Test.a(UART_1.o)
 .debug_ranges  0x000001f0       0xd8 .\CortexM3\ARM_GCC_493\Debug\SerialComm_Test.a(ADC_DelSig_1.o)
 .debug_ranges  0x000002c8       0x28 .\CortexM3\ARM_GCC_493\Debug\SerialComm_Test.a(ADC_DelSig_1_INT.o)
 .debug_ranges  0x000002f0       0x88 .\CortexM3\ARM_GCC_493\Debug\SerialComm_Test.a(LCD_Char_1.o)
 .debug_ranges  0x00000378       0x60 .\CortexM3\ARM_GCC_493\Debug\SerialComm_Test.a(UART_1_IntClock.o)
 .debug_ranges  0x000003d8       0x20 .\CortexM3\ARM_GCC_493\Debug\SerialComm_Test.a(ADC_DelSig_1_AMux.o)
 .debug_ranges  0x000003f8       0x60 .\CortexM3\ARM_GCC_493\Debug\SerialComm_Test.a(ADC_DelSig_1_Ext_CP_Clk.o)
 .debug_ranges  0x00000458       0x70 .\CortexM3\ARM_GCC_493\Debug\SerialComm_Test.a(ADC_DelSig_1_theACLK.o)
 .debug_ranges  0x000004c8      0x288 .\CortexM3\ARM_GCC_493\Debug\SerialComm_Test.a(CyLib.o)
 .debug_ranges  0x00000750       0x88 .\CortexM3\ARM_GCC_493\Debug\SerialComm_Test.a(cyPm.o)
 .debug_ranges  0x000007d8       0x70 .\CortexM3\ARM_GCC_493\Debug\SerialComm_Test.a(rx_int.o)
 .debug_ranges  0x00000848       0x28 .\CortexM3\ARM_GCC_493\Debug\SerialComm_Test.a(LED.o)
 .debug_ranges  0x00000870       0x20 .\CortexM3\ARM_GCC_493\Debug\SerialComm_Test.a(AMux_1.o)
 .debug_ranges  0x00000890       0x28 .\CortexM3\ARM_GCC_493\Debug\SerialComm_Test.a(LED_Mode.o)
 .debug_ranges  0x000008b8       0x70 .\CortexM3\ARM_GCC_493\Debug\SerialComm_Test.a(timer_int.o)
 .debug_ranges  0x00000928       0x78 .\CortexM3\ARM_GCC_493\Debug\SerialComm_Test.a(Timer_1.o)
 .debug_ranges  0x000009a0       0x70 .\CortexM3\ARM_GCC_493\Debug\SerialComm_Test.a(PWM_1.o)
 .debug_ranges  0x00000a10       0x70 .\CortexM3\ARM_GCC_493\Debug\SerialComm_Test.a(CyFlash.o)
 .debug_ranges  0x00000a80       0x68 .\CortexM3\ARM_GCC_493\Debug\SerialComm_Test.a(CySpc.o)

.comment        0x00000000       0x70
 .comment       0x00000000       0x70 .\CortexM3\ARM_GCC_493\Debug\main.o
                                 0x71 (size before relaxing)
 .comment       0x00000000       0x71 .\CortexM3\ARM_GCC_493\Debug\cymetadata.o
 .comment       0x00000000       0x71 .\CortexM3\ARM_GCC_493\Debug\Cm3Start.o
 .comment       0x00000000       0x71 .\CortexM3\ARM_GCC_493\Debug\SerialComm_Test.a(cyfitter_cfg.o)
 .comment       0x00000000       0x71 .\CortexM3\ARM_GCC_493\Debug\SerialComm_Test.a(UART_1.o)
 .comment       0x00000000       0x71 .\CortexM3\ARM_GCC_493\Debug\SerialComm_Test.a(ADC_DelSig_1.o)
 .comment       0x00000000       0x71 .\CortexM3\ARM_GCC_493\Debug\SerialComm_Test.a(ADC_DelSig_1_INT.o)
 .comment       0x00000000       0x71 .\CortexM3\ARM_GCC_493\Debug\SerialComm_Test.a(LCD_Char_1.o)
 .comment       0x00000000       0x71 .\CortexM3\ARM_GCC_493\Debug\SerialComm_Test.a(UART_1_IntClock.o)
 .comment       0x00000000       0x71 .\CortexM3\ARM_GCC_493\Debug\SerialComm_Test.a(ADC_DelSig_1_AMux.o)
 .comment       0x00000000       0x71 .\CortexM3\ARM_GCC_493\Debug\SerialComm_Test.a(ADC_DelSig_1_Ext_CP_Clk.o)
 .comment       0x00000000       0x71 .\CortexM3\ARM_GCC_493\Debug\SerialComm_Test.a(ADC_DelSig_1_theACLK.o)
 .comment       0x00000000       0x71 .\CortexM3\ARM_GCC_493\Debug\SerialComm_Test.a(CyLib.o)
 .comment       0x00000000       0x71 .\CortexM3\ARM_GCC_493\Debug\SerialComm_Test.a(cyPm.o)
 .comment       0x00000000       0x71 .\CortexM3\ARM_GCC_493\Debug\SerialComm_Test.a(rx_int.o)
 .comment       0x00000000       0x71 .\CortexM3\ARM_GCC_493\Debug\SerialComm_Test.a(LED.o)
 .comment       0x00000000       0x71 .\CortexM3\ARM_GCC_493\Debug\SerialComm_Test.a(AMux_1.o)
 .comment       0x00000000       0x71 .\CortexM3\ARM_GCC_493\Debug\SerialComm_Test.a(LED_Mode.o)
 .comment       0x00000000       0x71 .\CortexM3\ARM_GCC_493\Debug\SerialComm_Test.a(timer_int.o)
 .comment       0x00000000       0x71 .\CortexM3\ARM_GCC_493\Debug\SerialComm_Test.a(Timer_1.o)
 .comment       0x00000000       0x71 .\CortexM3\ARM_GCC_493\Debug\SerialComm_Test.a(PWM_1.o)
 .comment       0x00000000       0x71 .\CortexM3\ARM_GCC_493\Debug\SerialComm_Test.a(CyFlash.o)
 .comment       0x00000000       0x71 .\CortexM3\ARM_GCC_493\Debug\SerialComm_Test.a(CySpc.o)

.debug_weaknames
 *(.debug_weaknames)

.debug_funcnames
 *(.debug_funcnames)

.debug_typenames
 *(.debug_typenames)

.debug_varnames
 *(.debug_varnames)

.note.gnu.arm.ident
 *(.note.gnu.arm.ident)

.ARM.attributes
                0x00000000       0x29
 *(.ARM.attributes)
 .ARM.attributes
                0x00000000       0x1d c:/program files (x86)/cypress/psoc creator/3.3/psoc creator/import/gnu/arm/4.9.3/bin/../lib/gcc/arm-none-eabi/4.9.3/armv7-m/crti.o
 .ARM.attributes
                0x0000001d       0x2d c:/program files (x86)/cypress/psoc creator/3.3/psoc creator/import/gnu/arm/4.9.3/bin/../lib/gcc/arm-none-eabi/4.9.3/armv7-m/crtbegin.o
 .ARM.attributes
                0x0000004a       0x1b c:/program files (x86)/cypress/psoc creator/3.3/psoc creator/import/gnu/arm/4.9.3/bin/../lib/gcc/arm-none-eabi/4.9.3/../../../../arm-none-eabi/lib/armv7-m/crt0.o
 .ARM.attributes
                0x00000065       0x33 .\CortexM3\ARM_GCC_493\Debug\main.o
 .ARM.attributes
                0x00000098       0x33 .\CortexM3\ARM_GCC_493\Debug\cymetadata.o
 .ARM.attributes
                0x000000cb       0x33 .\CortexM3\ARM_GCC_493\Debug\Cm3Start.o
 .ARM.attributes
                0x000000fe       0x33 .\CortexM3\ARM_GCC_493\Debug\SerialComm_Test.a(cyfitter_cfg.o)
 .ARM.attributes
                0x00000131       0x33 .\CortexM3\ARM_GCC_493\Debug\SerialComm_Test.a(UART_1.o)
 .ARM.attributes
                0x00000164       0x33 .\CortexM3\ARM_GCC_493\Debug\SerialComm_Test.a(ADC_DelSig_1.o)
 .ARM.attributes
                0x00000197       0x33 .\CortexM3\ARM_GCC_493\Debug\SerialComm_Test.a(ADC_DelSig_1_INT.o)
 .ARM.attributes
                0x000001ca       0x33 .\CortexM3\ARM_GCC_493\Debug\SerialComm_Test.a(LCD_Char_1.o)
 .ARM.attributes
                0x000001fd       0x33 .\CortexM3\ARM_GCC_493\Debug\SerialComm_Test.a(UART_1_IntClock.o)
 .ARM.attributes
                0x00000230       0x33 .\CortexM3\ARM_GCC_493\Debug\SerialComm_Test.a(ADC_DelSig_1_AMux.o)
 .ARM.attributes
                0x00000263       0x33 .\CortexM3\ARM_GCC_493\Debug\SerialComm_Test.a(ADC_DelSig_1_Ext_CP_Clk.o)
 .ARM.attributes
                0x00000296       0x33 .\CortexM3\ARM_GCC_493\Debug\SerialComm_Test.a(ADC_DelSig_1_theACLK.o)
 .ARM.attributes
                0x000002c9       0x21 .\CortexM3\ARM_GCC_493\Debug\SerialComm_Test.a(CyBootAsmGnu.o)
 .ARM.attributes
                0x000002ea       0x33 .\CortexM3\ARM_GCC_493\Debug\SerialComm_Test.a(CyLib.o)
 .ARM.attributes
                0x0000031d       0x33 .\CortexM3\ARM_GCC_493\Debug\SerialComm_Test.a(cyPm.o)
 .ARM.attributes
                0x00000350       0x33 .\CortexM3\ARM_GCC_493\Debug\SerialComm_Test.a(rx_int.o)
 .ARM.attributes
                0x00000383       0x33 .\CortexM3\ARM_GCC_493\Debug\SerialComm_Test.a(LED.o)
 .ARM.attributes
                0x000003b6       0x33 .\CortexM3\ARM_GCC_493\Debug\SerialComm_Test.a(AMux_1.o)
 .ARM.attributes
                0x000003e9       0x33 .\CortexM3\ARM_GCC_493\Debug\SerialComm_Test.a(LED_Mode.o)
 .ARM.attributes
                0x0000041c       0x33 .\CortexM3\ARM_GCC_493\Debug\SerialComm_Test.a(timer_int.o)
 .ARM.attributes
                0x0000044f       0x33 .\CortexM3\ARM_GCC_493\Debug\SerialComm_Test.a(Timer_1.o)
 .ARM.attributes
                0x00000482       0x33 .\CortexM3\ARM_GCC_493\Debug\SerialComm_Test.a(PWM_1.o)
 .ARM.attributes
                0x000004b5       0x33 .\CortexM3\ARM_GCC_493\Debug\SerialComm_Test.a(CyFlash.o)
 .ARM.attributes
                0x000004e8       0x33 .\CortexM3\ARM_GCC_493\Debug\SerialComm_Test.a(CySpc.o)
 .ARM.attributes
                0x0000051b       0x1d c:/program files (x86)/cypress/psoc creator/3.3/psoc creator/import/gnu/arm/4.9.3/bin/../lib/gcc/arm-none-eabi/4.9.3/armv7-m\libgcc.a(_arm_addsubdf3.o)
 .ARM.attributes
                0x00000538       0x1d c:/program files (x86)/cypress/psoc creator/3.3/psoc creator/import/gnu/arm/4.9.3/bin/../lib/gcc/arm-none-eabi/4.9.3/armv7-m\libgcc.a(_arm_muldivdf3.o)
 .ARM.attributes
                0x00000555       0x1d c:/program files (x86)/cypress/psoc creator/3.3/psoc creator/import/gnu/arm/4.9.3/bin/../lib/gcc/arm-none-eabi/4.9.3/armv7-m\libgcc.a(_arm_cmpdf2.o)
 .ARM.attributes
                0x00000572       0x1d c:/program files (x86)/cypress/psoc creator/3.3/psoc creator/import/gnu/arm/4.9.3/bin/../lib/gcc/arm-none-eabi/4.9.3/armv7-m\libgcc.a(_arm_fixunsdfsi.o)
 .ARM.attributes
                0x0000058f       0x1d c:/program files (x86)/cypress/psoc creator/3.3/psoc creator/import/gnu/arm/4.9.3/bin/../lib/gcc/arm-none-eabi/4.9.3/armv7-m\libgcc.a(_arm_addsubsf3.o)
 .ARM.attributes
                0x000005ac       0x1d c:/program files (x86)/cypress/psoc creator/3.3/psoc creator/import/gnu/arm/4.9.3/bin/../lib/gcc/arm-none-eabi/4.9.3/armv7-m\libgcc.a(_arm_muldivsf3.o)
 .ARM.attributes
                0x000005c9       0x1d c:/program files (x86)/cypress/psoc creator/3.3/psoc creator/import/gnu/arm/4.9.3/bin/../lib/gcc/arm-none-eabi/4.9.3/armv7-m\libgcc.a(_arm_fixunssfsi.o)
 .ARM.attributes
                0x000005e6       0x2d c:/program files (x86)/cypress/psoc creator/3.3/psoc creator/import/gnu/arm/4.9.3/bin/../lib/gcc/arm-none-eabi/4.9.3/../../../../arm-none-eabi/lib/armv7-m\libg_nano.a(lib_a-errno.o)
 .ARM.attributes
                0x00000613       0x2d c:/program files (x86)/cypress/psoc creator/3.3/psoc creator/import/gnu/arm/4.9.3/bin/../lib/gcc/arm-none-eabi/4.9.3/../../../../arm-none-eabi/lib/armv7-m\libg_nano.a(lib_a-exit.o)
 .ARM.attributes
                0x00000640       0x2d c:/program files (x86)/cypress/psoc creator/3.3/psoc creator/import/gnu/arm/4.9.3/bin/../lib/gcc/arm-none-eabi/4.9.3/../../../../arm-none-eabi/lib/armv7-m\libg_nano.a(lib_a-impure.o)
 .ARM.attributes
                0x0000066d       0x2d c:/program files (x86)/cypress/psoc creator/3.3/psoc creator/import/gnu/arm/4.9.3/bin/../lib/gcc/arm-none-eabi/4.9.3/../../../../arm-none-eabi/lib/armv7-m\libg_nano.a(lib_a-init.o)
 .ARM.attributes
                0x0000069a       0x2d c:/program files (x86)/cypress/psoc creator/3.3/psoc creator/import/gnu/arm/4.9.3/bin/../lib/gcc/arm-none-eabi/4.9.3/../../../../arm-none-eabi/lib/armv7-m\libg_nano.a(lib_a-memcpy.o)
 .ARM.attributes
                0x000006c7       0x2d c:/program files (x86)/cypress/psoc creator/3.3/psoc creator/import/gnu/arm/4.9.3/bin/../lib/gcc/arm-none-eabi/4.9.3/../../../../arm-none-eabi/lib/armv7-m\libg_nano.a(lib_a-memset.o)
 .ARM.attributes
                0x000006f4       0x2d c:/program files (x86)/cypress/psoc creator/3.3/psoc creator/import/gnu/arm/4.9.3/bin/../lib/gcc/arm-none-eabi/4.9.3/armv7-m/crtend.o
 .ARM.attributes
                0x00000721       0x1d c:/program files (x86)/cypress/psoc creator/3.3/psoc creator/import/gnu/arm/4.9.3/bin/../lib/gcc/arm-none-eabi/4.9.3/armv7-m/crtn.o

/DISCARD/
 *(.note.GNU-stack)
OUTPUT(.\CortexM3\ARM_GCC_493\Debug\SerialComm_Test.elf elf32-littlearm)
